{
  "workspace": {
    "id": 0,
    "title": "",
    "description": "",
    "project_count": 0,
    "member_count": 0,
    "admin": 0
  },
  "project": {
    "id": 434,
    "title": "fdsfsdf",
    "description": "dfsf",
    "thumbnail": "fsdf",
    "color": "fsdfdfsd",
    "dataset_count": 6,
    "member_count": 4,
    "project_manager": 0
  },
  "dataset": {
    "id": 2342,
    "title": "dsfs",
    "description": "fsf",
    "project_id": 5
  },
  "tasks": [
    {
      "id": 0,
      "title": "sdfasdf",
      "description": "sdfasdf",
      "assigner": 2343244,
      "labeler": 20,
      "reviewer": 2204,
      "created_at": 52
    }
  ],
  "labels": [
    {
      "id": 45634,
      "name": "ff",
      "color": "dgsdfg",
      "tool": {
        "id": 1,
        "name": "rect"
      }
    }
  ]
}